// Vitest Snapshot v1, https://vitest.dev/guide/snapshot.html

exports[`PromptForm > matches snapshot 1`] = `
<div>
  <div
    class="max-w-2xl mx-auto py-10 px-4 text-gray-800 text-left w-full"
  >
    <div
      class="flex justify-center"
    >
      <textarea
        class="w-full md:w-[40rem] h-32 p-3 border border-gray-300 rounded mb-2"
        placeholder="Enter your prompt here..."
      />
    </div>
    <div
      class="flex justify-between items-center text-sm mb-2"
    >
      <span
        class="text-gray-400"
      >
        Character limit: 
        0
         / 
        10000
      </span>
    </div>
    <label
      class="flex items-center text-sm font-medium text-gray-700 mb-1"
    >
      Section
      <button
        aria-label="More info"
        class="ml-1 text-gray-400 hover:text-gray-700 focus:outline-none"
        data-state="closed"
      >
        ℹ️
      </button>
    </label>
    <select
      aria-label="section"
      class="w-full p-3 border border-gray-300 rounded mb-4"
    >
      <option
        value="wins"
      >
        Wins
      </option>
      <option
        value="risks"
      >
        Risks
      </option>
      <option
        value="blockers"
      >
        Blockers
      </option>
      <option
        value="dependencies"
      >
        Dependencies
      </option>
      <option
        value="nextSteps"
      >
        Next Steps
      </option>
    </select>
    <label
      class="flex items-center text-sm font-medium text-gray-700 mb-1"
    >
      Tone
      <button
        aria-label="More info"
        class="ml-1 text-gray-400 hover:text-gray-700 focus:outline-none"
        data-state="closed"
      >
        ℹ️
      </button>
    </label>
    <select
      aria-label="tone"
      class="w-full p-3 border border-gray-300 rounded mb-4"
    >
      <option
        value="friendly"
      >
        Team Chill
      </option>
      <option
        value="formal"
      >
        Executive Ready
      </option>
      <option
        value="urgent"
      >
        Escalation mode
      </option>
    </select>
    <input
      class="w-full p-3 border border-gray-300 rounded mb-4"
      placeholder="Team Name (optional)"
      type="text"
      value=""
    />
    <input
      class="w-full p-3 border border-gray-300 rounded mb-4"
      placeholder="Timeframe (ie; this week, past sprint)"
      type="text"
      value=""
    />
    <div
      class="flex justify-center"
    >
      <button
        class="w-full md:w-auto bg-[#6c47ff] text-white hover:bg-[#5a38e0] rounded-full font-medium text-sm sm:text-base h-10 sm:h-12 px-6 cursor-pointer transition disabled:opacity-50"
      >
        Generate
      </button>
    </div>
  </div>
</div>
`;
